Microchip MPLAB XC8 Compiler V3.10

Linker command line:

-W-3 \
  --edf=C:\Program Files\Microchip\xc8\v3.10\pic\dat\20250813170317_en.msgs \
  -cn -h+dist/default/production\Projeto_Final.X.production.sym \
  --cmf=dist/default/production\Projeto_Final.X.production.cmf -z -Q16F877A \
  -oC:\Users\letic\AppData\Local\Temp\xcAs30g.0\driver_tmp_3.o \
  --defsym=__MPLAB_BUILD=1 --fixupoverflow=error \
  -Mdist/default/production/Projeto_Final.X.production.map \
  --md=C:\Users\letic\AppData\Local\Temp\xcAs30g.0\driver_tmp_0.dat -E1 \
  -ver=XC8 Compiler -ACODE=00h-07FFhx4 -ASTRCODE=00h-01FFFh \
  -ASTRING=00h-0FFhx32 -ACONST=00h-0FFhx32 -AENTRY=00h-0FFhx32 \
  -ACOMMON=070h-07Fh -ABANK0=020h-06Fh -ABANK1=0A0h-0EFh \
  -ABANK2=0110h-016Fh -ABANK3=0190h-01EFh \
  -ARAM=020h-06Fh,0A0h-0EFh,0110h-016Fh,0190h-01EFh \
  -AABS1=020h-07Fh,0A0h-0EFh,0110h-016Fh,0190h-01EFh -ASFR0=00h-01Fh \
  -ASFR1=080h-09Fh -ASFR2=0100h-010Fh -ASFR3=0180h-018Fh \
  -ACONFIG=02007h-02007h -DCONFIG=2 -AIDLOC=02000h-02003h -DIDLOC=2 \
  -AEEDATA=00h-0FFh/02100h -peeprom_data=EEDATA -DEEDATA=2 -DCODE=2 \
  -DSTRCODE=2 -DSTRING=2 -DCONST=2 -DENTRY=2 \
  -preset_vec=00h,intentry=04h,sivt,init,end_init -ppowerup=CODE \
  -pcinit=CODE -pfunctab=ENTRY -k \
  C:\Users\letic\AppData\Local\Temp\xcAs30g.0\driver_tmp_17.o \
  dist/default/production\Projeto_Final.X.production.o 

Object code version is 3.11

Machine type is 16F877A



                Name                               Link     Load   Length Selector   Space Scale
C:\Users\letic\AppData\Local\Temp\xcAs30g.0\driver_tmp_17.o
                end_init                              C        C        3        8       0
                reset_vec                             0        0        3        0       0
                config                             2007     2007        1        0       4
dist/default/production\Projeto_Final.X.production.o
                cinit                                 F        F       16        8       0
                intentry                              4        4        8        8       0
                config                             2007     2007        1        0       4
                text29                              DC5      DC5       3B     1B8A       0
                text28                              C95      C95       22     192A       0
                text27                              C5C      C5C       1A     18B8       0
                text26                              FB2      FB2       4E     1F64       0
                text25                              D22      D22       35     1A44       0
                text24                              E44      E44       46     1C88       0
                text23                              70E      70E       66      7C0       0
                text22                              E8A      E8A       48     1D14       0
                text21                              F1A      F1A       4C     1E34       0
                text20                              F66      F66       4C     1ECC       0
                text19                              CFD      CFD       25     19FA       0
                text18                              245      245       57        8       0
                text17                              E00      E00       44     1C00       0
                text16                              D8D      D8D       38     1B1A       0
                text15                              7FC      7FC        1      7C0       0
                text14                              56F      56F       A0      7C0       0
                text13                              7D1      7D1       2B      7C0       0
                text12                              29C      29C       53        8       0
                text11                              690      690       7E      7C0       0
                text10                              3E0      3E0       D6      7C0       0
                text9                               CB7      CB7       23     196E       0
                text8                               CDA      CDA       23     19B4       0
                text7                               4B6      4B6       B9      7C0       0
                text6                               774      774       5D      7C0       0
                text5                               D57      D57       36     1AAE       0
                text4                               2EF      2EF        D        8       0
                text3                               ED2      ED2       48     1DA4       0
                text2                               60F      60F       81      7C0       0
                text1                               C76      C76       1F     18EC       0
                maintext                             25       25      220        8       0
                cstackBANK0                          20       20       4A       20       1
                cstackCOMMON                         70       70        9       70       1
                cstackBANK1                          C6       C6       1A       A0       1
                clrtext                             C54      C54        8     18A8       0
                bssBANK1                             A0       A0       26       A0       1
                bssBANK0                             6A       6A        5       20       1
                bssCOMMON                            79       79        2       70       1
                strings                             300      300       E0      600       0

TOTAL           Name                               Link     Load   Length     Space
        CLASS   CODE           
                end_init                              C        C        3         0
                cinit                                 F        F       16         0
                intentry                              4        4        8         0
                reset_vec                             0        0        3         0
                text29                              DC5      DC5       3B         0
                text28                              C95      C95       22         0
                text27                              C5C      C5C       1A         0
                text26                              FB2      FB2       4E         0
                text25                              D22      D22       35         0
                text24                              E44      E44       46         0
                text23                              70E      70E       66         0
                text22                              E8A      E8A       48         0
                text21                              F1A      F1A       4C         0
                text20                              F66      F66       4C         0
                text19                              CFD      CFD       25         0
                text18                              245      245       57         0
                text17                              E00      E00       44         0
                text16                              D8D      D8D       38         0
                text15                              7FC      7FC        1         0
                text14                              56F      56F       A0         0
                text13                              7D1      7D1       2B         0
                text12                              29C      29C       53         0
                text11                              690      690       7E         0
                text10                              3E0      3E0       D6         0
                text9                               CB7      CB7       23         0
                text8                               CDA      CDA       23         0
                text7                               4B6      4B6       B9         0
                text6                               774      774       5D         0
                text5                               D57      D57       36         0
                text4                               2EF      2EF        D         0
                text3                               ED2      ED2       48         0
                text2                               60F      60F       81         0
                text1                               C76      C76       1F         0
                maintext                             25       25      220         0
                clrtext                             C54      C54        8         0

        CLASS   STRCODE        

        CLASS   STRING         
                strings                             300      300       E0         0

        CLASS   CONST          

        CLASS   ENTRY          

        CLASS   COMMON         
                cstackCOMMON                         70       70        9         1
                bssCOMMON                            79       79        2         1

        CLASS   BANK0          
                cstackBANK0                          20       20       4A         1
                bssBANK0                             6A       6A        5         1

        CLASS   BANK1          
                cstackBANK1                          C6       C6       1A         1
                bssBANK1                             A0       A0       26         1

        CLASS   BANK2          

        CLASS   BANK3          

        CLASS   RAM            

        CLASS   ABS1           
                abs_s1                               7E       7E        2         1

        CLASS   SFR0           

        CLASS   SFR1           

        CLASS   SFR2           

        CLASS   SFR3           

        CLASS   CONFIG         
                config                             2007     2007        1         4

        CLASS   IDLOC          

        CLASS   EEDATA         

        CLASS   HEAP           

        CLASS   STACK          



SEGMENTS        Name                           Load    Length   Top    Selector   Space  Class     Delta

                reset_vec                      000000  000003  000003         0       0  CODE        2
                intentry                       000004  0002F8  0002FC         8       0  CODE        2
                cstackBANK0                    000020  00004F  00006F        20       1  BANK0       1
                cstackCOMMON                   000070  00000B  00007B        70       1  COMMON      1
                bssBANK1                       0000A0  000040  0000E0        A0       1  BANK1       1
                strings                        000300  0000E0  0003E0       600       0  STRING      2
                text10                         0003E0  00041D  0007FD       7C0       0  CODE        2
                clrtext                        000C54  000008  000C5C      18A8       0  CODE        2
                text27                         000C5C  00001A  000C76      18B8       0  CODE        2
                text1                          000C76  00001F  000C95      18EC       0  CODE        2
                text28                         000C95  000022  000CB7      192A       0  CODE        2
                text9                          000CB7  000023  000CDA      196E       0  CODE        2
                text8                          000CDA  000023  000CFD      19B4       0  CODE        2
                text19                         000CFD  000025  000D22      19FA       0  CODE        2
                text25                         000D22  000035  000D57      1A44       0  CODE        2
                text5                          000D57  000036  000D8D      1AAE       0  CODE        2
                text16                         000D8D  000038  000DC5      1B1A       0  CODE        2
                text29                         000DC5  00003B  000E00      1B8A       0  CODE        2
                text17                         000E00  000044  000E44      1C00       0  CODE        2
                text24                         000E44  000046  000E8A      1C88       0  CODE        2
                text22                         000E8A  000048  000ED2      1D14       0  CODE        2
                text3                          000ED2  000048  000F1A      1DA4       0  CODE        2
                text21                         000F1A  00004C  000F66      1E34       0  CODE        2
                text20                         000F66  00004C  000FB2      1ECC       0  CODE        2
                text26                         000FB2  00004E  001000      1F64       0  CODE        2


UNUSED ADDRESS RANGES

        Name                Unused          Largest block    Delta
        BANK0            006F-006F              1           1
        BANK1            00E0-00EF             10           1
        BANK2            0110-016F             60           1
        BANK3            0190-01EF             60           1
        CODE             0003-0003              1           2
                         02FC-02FF              4
                         07FD-0C53              3
                         1000-1FFF            800
        COMMON           007B-007D              3           1
        CONST            0003-0003              1           2
                         02FC-02FF              4
                         07FD-0C53            100
                         1000-1FFF            100
        EEDATA           2100-21FF            100           2
        ENTRY            0003-0003              1           2
                         02FC-02FF              4
                         07FD-0C53            100
                         1000-1FFF            100
        IDLOC            2000-2003              4           2
        RAM              006F-006F              1           1
                         00E0-00EF             10
                         0110-016F             60
                         0190-01EF             60
        SFR0             0000-001F             20           1
        SFR1             0080-009F             20           1
        SFR2             0100-010F             10           1
        SFR3             0180-018F             10           1
        STRCODE          0003-0003              1           2
                         02FC-02FF              4
                         07FD-0C53            457
                         1000-1FFF           1000
        STRING           0003-0003              1           2
                         02FC-02FF              4
                         07FD-0C53            100
                         1000-1FFF            100

                                  Symbol Table

?___lldiv                   cstackBANK0  0028
?___lmul                    cstackBANK0  0020
?___lwdiv                   cstackCOMMON 0073
?___lwmod                   cstackCOMMON 0073
?___wmul                    cstackCOMMON 0073
?_ler_ph                    cstackBANK0  0035
?_ler_umidade               cstackBANK0  0035
?_read_prec_or_width        cstackBANK0  0020
?_sprintf                   cstackBANK0  0051
?_vfprintf                  cstackBANK0  004C
EmEspera@buffer             cstackBANK1  00C6
EmEspera@ph_val             cstackBANK1  00DC
EmEspera@umid               cstackBANK1  00D6
Lcd_Cmd@a                   cstackCOMMON 0076
Lcd_Port@a                  cstackCOMMON 0073
Lcd_Set_Cursor@a            cstackBANK0  0020
Lcd_Set_Cursor@b            cstackCOMMON 0077
Lcd_Set_Cursor@temp         cstackBANK0  0023
Lcd_Set_Cursor@y            cstackBANK0  0022
Lcd_Set_Cursor@z            cstackBANK0  0021
Lcd_Write_Char@a            cstackCOMMON 0077
Lcd_Write_Char@temp         cstackCOMMON 0075
Lcd_Write_Char@y            cstackCOMMON 0076
Lcd_Write_String@a          cstackBANK0  0020
Lcd_Write_String@i          cstackBANK0  0025
_ADCON0bits                 (abs)        001F
_ADCON1bits                 (abs)        009F
_ADRESH                     (abs)        001E
_ADRESL                     (abs)        009E
_EmEspera                   text7        04B6
_EmEspera$1225              cstackBANK1  00D8
_EmEspera$1226              cstackBANK1  00DA
_INTCONbits                 (abs)        000B
_Inicializacoes             text5        0D57
_Lcd_Clear                  text4        02EF
_Lcd_Cmd                    text27       0C5C
_Lcd_Init                   text6        0774
_Lcd_Port                   text28       0C95
_Lcd_Set_Cursor             text26       0FB2
_Lcd_Write_Char             text25       0D22
_Lcd_Write_String           text24       0E44
_OPTION_REGbits             (abs)        0081
_PIE1bits                   (abs)        008C
_PIR1bits                   (abs)        000C
_PORTBbits                  (abs)        0006
_PORTC                      (abs)        0007
_PORTCbits                  (abs)        0007
_PORTD                      (abs)        0008
_RD2                        (abs)        0042
_RD3                        (abs)        0043
_RD4                        (abs)        0044
_RD5                        (abs)        0045
_RD6                        (abs)        0046
_RD7                        (abs)        0047
_T1CONbits                  (abs)        0010
_TMR1H                      (abs)        000F
_TMR1L                      (abs)        000E
_TRISB                      (abs)        0086
_TRISC                      (abs)        0087
_TRISD                      (abs)        0088
_TrataInt                   text29       0DC5
__H__absolute__             __absolute__ 0000
__Habs1                     abs1         0000
__Hbank0                    bank0        0000
__Hbank1                    bank1        0000
__Hbank2                    bank2        0000
__Hbank3                    bank3        0000
__HbssBANK0                 bssBANK0     0000
__HbssBANK1                 bssBANK1     0000
__HbssCOMMON                bssCOMMON    0000
__Hcinit                    cinit        0025
__Hclrtext                  clrtext      0000
__Hcode                     code         0000
__Hcommon                   common       0000
__Hconfig                   config       2008
__HcstackBANK0              cstackBANK0  0000
__HcstackBANK1              cstackBANK1  0000
__HcstackCOMMON             cstackCOMMON 0000
__Heeprom_data              eeprom_data  0000
__Hend_init                 end_init     000F
__Hfunctab                  functab      0000
__Hheap                     heap         0000
__Hinit                     init         000C
__Hintentry                 intentry     000C
__Hmaintext                 maintext     0000
__Hpowerup                  powerup      0000
__Hram                      ram          0000
__Hreset_vec                reset_vec    0003
__Hsfr0                     sfr0         0000
__Hsfr1                     sfr1         0000
__Hsfr2                     sfr2         0000
__Hsfr3                     sfr3         0000
__Hsivt                     sivt         000C
__Hspace_0                  (abs)        1000
__Hspace_1                  (abs)        00E0
__Hspace_2                  (abs)        0000
__Hspace_3                  (abs)        0000
__Hspace_4                  (abs)        400F
__Hstack                    stack        0000
__Hstrings                  strings      0000
__Htext                     text         0000
__L__absolute__             __absolute__ 0000
__Labs1                     abs1         0000
__Lbank0                    bank0        0000
__Lbank1                    bank1        0000
__Lbank2                    bank2        0000
__Lbank3                    bank3        0000
__LbssBANK0                 bssBANK0     0000
__LbssBANK1                 bssBANK1     0000
__LbssCOMMON                bssCOMMON    0000
__Lcinit                    cinit        000F
__Lclrtext                  clrtext      0000
__Lcode                     code         0000
__Lcommon                   common       0000
__Lconfig                   config       0000
__LcstackBANK0              cstackBANK0  0000
__LcstackBANK1              cstackBANK1  0000
__LcstackCOMMON             cstackCOMMON 0000
__Leeprom_data              eeprom_data  0000
__Lend_init                 end_init     000C
__Lfunctab                  functab      0000
__Lheap                     heap         0000
__Linit                     init         000C
__Lintentry                 intentry     0004
__Lmaintext                 maintext     0000
__Lpowerup                  powerup      0000
__Lram                      ram          0000
__Lreset_vec                reset_vec    0000
__Lsfr0                     sfr0         0000
__Lsfr1                     sfr1         0000
__Lsfr2                     sfr2         0000
__Lsfr3                     sfr3         0000
__Lsivt                     sivt         000C
__Lspace_0                  (abs)        0000
__Lspace_1                  (abs)        0000
__Lspace_2                  (abs)        0000
__Lspace_3                  (abs)        0000
__Lspace_4                  (abs)        0000
__Lstack                    stack        0000
__Lstrings                  strings      0000
__Ltext                     text         0000
__S0                        (abs)        1000
__S1                        (abs)        00E0
__S3                        (abs)        0000
___heap_hi                  (abs)        0000
___heap_lo                  (abs)        0000
___int_sp                   stack        0000
___int_stack_hi             stack        0000
___int_stack_lo             stack        0000
___latbits                  (abs)        0002
___lldiv                    text23       070E
___lldiv@counter            cstackBANK0  0034
___lldiv@dividend           cstackBANK0  002C
___lldiv@divisor            cstackBANK0  0028
___lldiv@quotient           cstackBANK0  0030
___lmul                     text22       0E8A
___lmul@multiplicand        cstackBANK0  0024
___lmul@multiplier          cstackBANK0  0020
___lmul@product             cstackCOMMON 0074
___lwdiv                    text17       0E00
___lwdiv@counter            cstackBANK0  0020
___lwdiv@dividend           cstackCOMMON 0075
___lwdiv@divisor            cstackCOMMON 0073
___lwdiv@quotient           cstackBANK0  0021
___lwmod                    text16       0D8D
___lwmod@counter            cstackCOMMON 0077
___lwmod@dividend           cstackCOMMON 0075
___lwmod@divisor            cstackCOMMON 0073
___sp                       stack        0000
___stack_hi                 stack        0000
___stack_lo                 stack        0000
___stackhi                  (abs)        0000
___stacklo                  (abs)        0000
___wmul                     text19       0CFD
___wmul@multiplicand        cstackCOMMON 0075
___wmul@multiplier          cstackCOMMON 0073
___wmul@product             cstackCOMMON 0077
__end_of_EmEspera           text7        056F
__end_of_Inicializacoes     text5        0D8D
__end_of_Lcd_Clear          text4        02FC
__end_of_Lcd_Cmd            text27       0C76
__end_of_Lcd_Init           text6        07D1
__end_of_Lcd_Port           text28       0CB7
__end_of_Lcd_Set_Cursor     text26       1000
__end_of_Lcd_Write_Char     text25       0D57
__end_of_Lcd_Write_String   text24       0E8A
__end_of_TrataInt           text29       0E00
__end_of___lldiv            text23       0774
__end_of___lmul             text22       0ED2
__end_of___lwdiv            text17       0E44
__end_of___lwmod            text16       0DC5
__end_of___wmul             text19       0D22
__end_of__initialization    cinit        0021
__end_of__stringtab         strings      0310
__end_of_displayI           text3        0F1A
__end_of_displayPH          text2        0690
__end_of_esperar_timer      text1        0C95
__end_of_fputc              text14       060F
__end_of_fputs              text13       07FC
__end_of_ler_ph             text21       0F66
__end_of_ler_umidade        text20       0FB2
__end_of_main               maintext     0245
__end_of_pad                text12       02EF
__end_of_putch              text15       07FD
__end_of_read_prec_or_width text18       029C
__end_of_sprintf            text8        0CFD
__end_of_utoa               text11       070E
__end_of_vfpfcnvrt          text10       04B6
__end_of_vfprintf           text9        0CDA
__end_ofmain@T_ESTABILIZA   strings      0312
__end_ofmain@T_EXTRA        strings      0316
__end_ofmain@T_MISTURA      strings      0314
__end_ofmain@T_PADRAO       strings      0318
__initialization            cinit        000F
__pbssBANK0                 bssBANK0     006A
__pbssBANK1                 bssBANK1     00A0
__pbssCOMMON                bssCOMMON    0079
__pcstackBANK0              cstackBANK0  0020
__pcstackBANK1              cstackBANK1  00C6
__pcstackCOMMON             cstackCOMMON 0070
__pintentry                 intentry     0004
__pmaintext                 maintext     0025
__pstrings                  strings      0300
__ptext1                    text1        0C76
__ptext10                   text10       03E0
__ptext11                   text11       0690
__ptext12                   text12       029C
__ptext13                   text13       07D1
__ptext14                   text14       056F
__ptext15                   text15       07FC
__ptext16                   text16       0D8D
__ptext17                   text17       0E00
__ptext18                   text18       0245
__ptext19                   text19       0CFD
__ptext2                    text2        060F
__ptext20                   text20       0F66
__ptext21                   text21       0F1A
__ptext22                   text22       0E8A
__ptext23                   text23       070E
__ptext24                   text24       0E44
__ptext25                   text25       0D22
__ptext26                   text26       0FB2
__ptext27                   text27       0C5C
__ptext28                   text28       0C95
__ptext29                   text29       0DC5
__ptext3                    text3        0ED2
__ptext4                    text4        02EF
__ptext5                    text5        0D57
__ptext6                    text6        0774
__ptext7                    text7        04B6
__ptext8                    text8        0CDA
__ptext9                    text9        0CB7
__stringbase                strings      030F
__stringtab                 strings      0300
_conta                      bssBANK1     00A4
_dbuf                       bssBANK1     00A6
_displayI                   text3        0ED2
_displayPH                  text2        060F
_displayPH$1227             cstackBANK1  00D6
_displayPH$1228             cstackBANK1  00D8
_esperar_timer              text1        0C76
_flagirrig                  bssBANK0     006C
_flags                      bssBANK0     006E
_flagtimer                  bssCOMMON    0079
_fputc                      text14       056F
_fputs                      text13       07D1
_ler_ph                     text21       0F1A
_ler_umidade                text20       0F66
_main                       maintext     0025
_pad                        text12       029C
_prec                       bssBANK1     00A0
_putch                      text15       07FC
_read_prec_or_width         text18       0245
_sprintf                    text8        0CDA
_tempo                      bssBANK1     00A2
_utoa                       text11       0690
_vfpfcnvrt                  text10       03E0
_vfprintf                   text9        0CB7
_width                      bssBANK0     006A
btemp                       (abs)        007E
btemp0                      (abs)        007E
btemp1                      (abs)        007F
clear_ram0                  clrtext      0C54
displayI@buffer             cstackBANK1  00C6
displayPH@buffer            cstackBANK1  00C6
displayPH@p                 cstackBANK1  00DA
end_of_initialization       cinit        0021
esperar_timer@slots_de_0_5s cstackCOMMON 0073
fputc@c                     cstackCOMMON 0073
fputc@fp                    cstackCOMMON 0075
fputs@c                     cstackBANK0  002C
fputs@fp                    cstackBANK0  002A
fputs@i                     cstackBANK0  002D
fputs@s                     cstackBANK0  0029
interrupt_function          intentry     0004
intlevel0                   functab      0000
intlevel1                   functab      0000
intlevel2                   functab      0000
intlevel3                   functab      0000
intlevel4                   functab      0000
intlevel5                   functab      0000
ler_ph@leitura              cstackBANK0  0038
ler_umidade@leitura         cstackBANK0  0038
ltemp0a                     (abs)        0080
main@umidade_atual          cstackBANK1  00DE
pad@buf                     cstackBANK0  0031
pad@fp                      cstackBANK0  002F
pad@i                       cstackBANK0  0035
pad@p                       cstackBANK0  0032
read_prec_or_width@ap       cstackBANK0  0021
read_prec_or_width@c        cstackBANK0  0022
read_prec_or_width@fmt      cstackBANK0  0020
read_prec_or_width@n        cstackBANK0  0023
reset_vec                   reset_vec    0000
saved_w                     (abs)        007E
sprintf@ap                  cstackBANK0  0058
sprintf@f                   cstackBANK0  0059
sprintf@fmt                 cstackBANK0  0052
sprintf@s                   cstackBANK0  0051
start                       init         000C
start_initialization        cinit        000F
ttemp0a                     (abs)        007F
utoa@d                      cstackBANK0  0039
utoa@fp                     cstackBANK0  0037
utoa@i                      cstackBANK0  003E
utoa@p                      cstackBANK0  003B
utoa@w                      cstackBANK0  003C
vfpfcnvrt@ap                cstackBANK0  0043
vfpfcnvrt@convarg           cstackBANK0  0046
vfpfcnvrt@cp                cstackBANK0  004B
vfpfcnvrt@done              cstackBANK0  004A
vfpfcnvrt@fmt               cstackBANK0  0042
vfpfcnvrt@fp                cstackBANK0  0040
vfprintf@ap                 cstackBANK0  004F
vfprintf@cfmt               cstackBANK0  0050
vfprintf@fmt                cstackBANK0  004E
vfprintf@fp                 cstackBANK0  004C
wtemp0                      (abs)        007E
wtemp0a                     (abs)        007F


MODULE INFORMATION

Module		Function		Class		Link	Load	Size
C:\Program Files\Microchip\xc8\v3.10\pic\sources\c99\common\lwmod.c
		___lwmod       		CODE           	0D8D	0000	56

C:\Program Files\Microchip\xc8\v3.10\pic\sources\c99\common\lwmod.c estimated size: 56

C:\Program Files\Microchip\xc8\v3.10\pic\sources\c99\common\putch.c
		_putch         		CODE           	07FC	0000	1

C:\Program Files\Microchip\xc8\v3.10\pic\sources\c99\common\putch.c estimated size: 1

C:\Program Files\Microchip\xc8\v3.10\pic\sources\c99\common\Umul32.c
		___lmul        		CODE           	0E8A	0000	72

C:\Program Files\Microchip\xc8\v3.10\pic\sources\c99\common\Umul32.c estimated size: 72

C:\Program Files\Microchip\xc8\v3.10\pic\sources\c99\common\nf_fputs.c
		_fputs         		CODE           	07D1	0000	43

C:\Program Files\Microchip\xc8\v3.10\pic\sources\c99\common\nf_fputs.c estimated size: 43

./lcd.h
		_Lcd_Write_String		CODE           	0E44	0000	70
		_Lcd_Init      		CODE           	0774	0000	93
		_Lcd_Write_Char		CODE           	0D22	0000	53
		_Lcd_Cmd       		CODE           	0C5C	0000	26
		_Lcd_Set_Cursor		CODE           	0FB2	0000	78
		_Lcd_Clear     		CODE           	02EF	0000	13
		_Lcd_Port      		CODE           	0C95	0000	34

./lcd.h estimated size: 367

C:\Program Files\Microchip\xc8\v3.10\pic\sources\c99\common\lwdiv.c
		___lwdiv       		CODE           	0E00	0000	68

C:\Program Files\Microchip\xc8\v3.10\pic\sources\c99\common\lwdiv.c estimated size: 68

C:\Program Files\Microchip\xc8\v3.10\pic\sources\c99\common\nf_sprintf.c
		_sprintf       		CODE           	0CDA	0000	35

C:\Program Files\Microchip\xc8\v3.10\pic\sources\c99\common\nf_sprintf.c estimated size: 35

shared
		main@T_ESTABILIZA		STRING         	0000	0000	0
		__stringtab    		STRING         	0300	0000	16
		main@T_EXTRA   		STRING         	0000	0000	0
		__initialization		CODE           	000F	0000	18
		main@T_MISTURA 		STRING         	0000	0000	0
		main@T_PADRAO  		STRING         	0000	0000	0

shared estimated size: 34

C:\Program Files\Microchip\xc8\v3.10\pic\sources\c99\common\nf_fputc.c
		_fputc         		CODE           	056F	0000	160

C:\Program Files\Microchip\xc8\v3.10\pic\sources\c99\common\nf_fputc.c estimated size: 160

C:\Program Files\Microchip\xc8\v3.10\pic\sources\c99\common\__lldiv.c
		___lldiv       		CODE           	070E	0000	102

C:\Program Files\Microchip\xc8\v3.10\pic\sources\c99\common\__lldiv.c estimated size: 102

C:\Program Files\Microchip\xc8\v3.10\pic\sources\c99\common\doprnt.c
		_read_prec_or_width		CODE           	0245	0000	87
		_vfpfcnvrt     		CODE           	03E0	0000	214
		_pad           		CODE           	029C	0000	83
		_vfprintf      		CODE           	0CB7	0000	35
		_utoa          		CODE           	0690	0000	126

C:\Program Files\Microchip\xc8\v3.10\pic\sources\c99\common\doprnt.c estimated size: 545

main.c
		_TrataInt      		CODE           	0DC5	0000	59
		_displayI      		CODE           	0ED2	0000	72
		_displayPH     		CODE           	060F	0000	129
		_Inicializacoes		CODE           	0D57	0000	54
		_main          		CODE           	0025	0000	544
		_ler_umidade   		CODE           	0F66	0000	76
		_EmEspera      		CODE           	04B6	0000	185
		_ler_ph        		CODE           	0F1A	0000	76
		_esperar_timer 		CODE           	0C76	0000	31

main.c estimated size: 1226

C:\Program Files\Microchip\xc8\v3.10\pic\sources\c99\common\Umul16.c
		___wmul        		CODE           	0CFD	0000	37

C:\Program Files\Microchip\xc8\v3.10\pic\sources\c99\common\Umul16.c estimated size: 37

